should match snapshot with defautl:
  1: |
    apiVersion: rbac.authorization.k8s.io/v1
    kind: Role
    metadata:
      name: test-crunchy-userinit-controller-role-namespaced
      namespace: test-ns
    rules:
      - apiGroups:
          - ""
        resources:
          - events
        verbs:
          - create
      - apiGroups:
          - ""
        resources:
          - secrets
        verbs:
          - get
          - list
          - watch
          - update
          - patch
  2: |
    apiVersion: rbac.authorization.k8s.io/v1
    kind: RoleBinding
    metadata:
      name: test-crunchy-userinit-controller-rolebinding-namespaced
      namespace: test-ns
    roleRef:
      apiGroup: rbac.authorization.k8s.io
      kind: Role
      name: test-crunchy-userinit-controller-role-namespaced
    subjects:
      - kind: ServiceAccount
        name: test-crunchy-userinit-controller
