should match snapshot with defautl:
  1: |
    apiVersion: v1
    automountServiceAccountToken: true
    kind: ServiceAccount
    metadata:
      labels:
        app.kubernetes.io/instance: test
        app.kubernetes.io/managed-by: Helm
        app.kubernetes.io/name: crunchy-userinit-controller
        app.kubernetes.io/version: 0.0.0
        helm.sh/chart: crunchy-userinit-controller-0.0.0
      name: test-crunchy-userinit-controller
      namespace: test-ns
